分类: 📺央视/卫视频道, 名称: CCTV-1, 有效: 5, IPv4: 5, IPv6: 0, 最小延迟: 23 ms, 最高速率: 16.93 M/s, 平均速率: 14.44 M/s, 最高分辨率: 1280x720, 平均帧率: 未知, 视频编解码器: 未知, 音频编解码器: 未知
分类: 📺央视/卫视频道, 名称: CCTV-2, 有效: 5, IPv4: 5, IPv6: 0, 最小延迟: 17 ms, 最高速率: 27.19 M/s, 平均速率: 18.09 M/s, 最高分辨率: 1920x1080, 平均帧率: 未知, 视频编解码器: 未知, 音频编解码器: 未知
分类: 📺央视/卫视频道, 名称: CCTV-3, 有效: 5, IPv4: 5, IPv6: 0, 最小延迟: 33 ms, 最高速率: 18.87 M/s, 平均速率: 8.77 M/s, 最高分辨率: 1920x1080, 平均帧率: 未知, 视频编解码器: 未知, 音频编解码器: 未知
分类: 📺央视/卫视频道, 名称: CCTV-4, 有效: 5, IPv4: 5, IPv6: 0, 最小延迟: 26 ms, 最高速率: 37.63 M/s, 平均速率: 21.58 M/s, 最高分辨率: 1920x1080, 平均帧率: 未知, 视频编解码器: 未知, 音频编解码器: 未知
分类: 📺央视/卫视频道, 名称: CCTV-5, 有效: 5, IPv4: 5, IPv6: 0, 最小延迟: 26 ms, 最高速率: 16.74 M/s, 平均速率: 11.54 M/s, 最高分辨率: 1920x1080, 平均帧率: 未知, 视频编解码器: 未知, 音频编解码器: 未知
分类: 📺央视/卫视频道, 名称: CCTV-1, 有效: 6, IPv4: 10, IPv6: 0, 最小延迟: 23 ms, 最高速率: 16.93 M/s, 平均速率: 12.08 M/s, 最高分辨率: 1920x1080, 平均帧率: 未知, 视频编解码器: 未知, 音频编解码器: 未知
分类: 📺央视/卫视频道, 名称: CCTV-6, 有效: 5, IPv4: 5, IPv6: 0, 最小延迟: 22 ms, 最高速率: 16.50 M/s, 平均速率: 9.97 M/s, 最高分辨率: 1920x1080, 平均帧率: 未知, 视频编解码器: 未知, 音频编解码器: 未知
分类: 📺央视/卫视频道, 名称: CCTV-7, 有效: 5, IPv4: 5, IPv6: 0, 最小延迟: 21 ms, 最高速率: 21.49 M/s, 平均速率: 17.19 M/s, 最高分辨率: 1920x1080, 平均帧率: 未知, 视频编解码器: 未知, 音频编解码器: 未知
分类: 📺央视/卫视频道, 名称: CCTV-3, 有效: 6, IPv4: 9, IPv6: 0, 最小延迟: 33 ms, 最高速率: 31.04 M/s, 平均速率: 12.48 M/s, 最高分辨率: 1920x1080, 平均帧率: 未知, 视频编解码器: 未知, 音频编解码器: 未知
分类: 📺央视/卫视频道, 名称: CCTV-8, 有效: 5, IPv4: 7, IPv6: 0, 最小延迟: 17 ms, 最高速率: 32.50 M/s, 平均速率: 14.15 M/s, 最高分辨率: 1920x1080, 平均帧率: 未知, 视频编解码器: 未知, 音频编解码器: 未知
分类: 📺央视/卫视频道, 名称: CCTV-9, 有效: 5, IPv4: 5, IPv6: 0, 最小延迟: 14 ms, 最高速率: 24.09 M/s, 平均速率: 14.67 M/s, 最高分辨率: 1920x1080, 平均帧率: 未知, 视频编解码器: 未知, 音频编解码器: 未知
分类: 📺央视/卫视频道, 名称: CCTV-10, 有效: 5, IPv4: 5, IPv6: 0, 最小延迟: 15 ms, 最高速率: 23.11 M/s, 平均速率: 18.65 M/s, 最高分辨率: 1920x1080, 平均帧率: 未知, 视频编解码器: 未知, 音频编解码器: 未知
分类: 📺央视/卫视频道, 名称: CCTV-11, 有效: 5, IPv4: 5, IPv6: 0, 最小延迟: 22 ms, 最高速率: 31.79 M/s, 平均速率: 14.43 M/s, 最高分辨率: 1920x1080, 平均帧率: 未知, 视频编解码器: 未知, 音频编解码器: 未知
分类: 📺央视/卫视频道, 名称: CCTV-5+, 有效: 1, IPv4: 15, IPv6: 0, 最小延迟: 237 ms, 最高速率: 9.75 M/s, 平均速率: 9.75 M/s, 最高分辨率: 1920x1080, 平均帧率: 未知, 视频编解码器: 未知, 音频编解码器: 未知
分类: 📺央视/卫视频道, 名称: CCTV-12, 有效: 5, IPv4: 5, IPv6: 0, 最小延迟: 53 ms, 最高速率: 18.37 M/s, 平均速率: 9.63 M/s, 最高分辨率: 1920x1080, 平均帧率: 未知, 视频编解码器: 未知, 音频编解码器: 未知
分类: 📺央视/卫视频道, 名称: CCTV-13, 有效: 5, IPv4: 5, IPv6: 0, 最小延迟: 64 ms, 最高速率: 30.16 M/s, 平均速率: 17.13 M/s, 最高分辨率: 1920x1080, 平均帧率: 未知, 视频编解码器: 未知, 音频编解码器: 未知
分类: 📺央视/卫视频道, 名称: CCTV-14, 有效: 5, IPv4: 5, IPv6: 0, 最小延迟: 39 ms, 最高速率: 17.22 M/s, 平均速率: 7.92 M/s, 最高分辨率: 1280x720, 平均帧率: 未知, 视频编解码器: 未知, 音频编解码器: 未知
分类: 📺央视/卫视频道, 名称: CCTV-15, 有效: 5, IPv4: 5, IPv6: 0, 最小延迟: 62 ms, 最高速率: 42.36 M/s, 平均速率: 29.15 M/s, 最高分辨率: 1920x1080, 平均帧率: 未知, 视频编解码器: 未知, 音频编解码器: 未知
分类: 📺央视/卫视频道, 名称: CCTV-8, 有效: 6, IPv4: 11, IPv6: 0, 最小延迟: 17 ms, 最高速率: 32.50 M/s, 平均速率: 12.14 M/s, 最高分辨率: 1920x1080, 平均帧率: 未知, 视频编解码器: 未知, 音频编解码器: 未知
分类: 📺央视/卫视频道, 名称: CCTV-16, 有效: 5, IPv4: 5, IPv6: 0, 最小延迟: 28 ms, 最高速率: 17.14 M/s, 平均速率: 8.77 M/s, 最高分辨率: 1920x1080, 平均帧率: 未知, 视频编解码器: 未知, 音频编解码器: 未知
分类: 📺央视/卫视频道, 名称: CCTV-17, 有效: 5, IPv4: 5, IPv6: 0, 最小延迟: 41 ms, 最高速率: 45.80 M/s, 平均速率: 26.65 M/s, 最高分辨率: 1920x1080, 平均帧率: 未知, 视频编解码器: 未知, 音频编解码器: 未知
分类: 📺央视/卫视频道, 名称: CCTV-17, 有效: 6, IPv4: 7, IPv6: 0, 最小延迟: 41 ms, 最高速率: 45.80 M/s, 平均速率: 27.19 M/s, 最高分辨率: 1920x1080, 平均帧率: 未知, 视频编解码器: 未知, 音频编解码器: 未知
分类: 📺央视/卫视频道, 名称: CCTV-12, 有效: 5, IPv4: 7, IPv6: 0, 最小延迟: 53 ms, 最高速率: 18.37 M/s, 平均速率: 9.63 M/s, 最高分辨率: 1920x1080, 平均帧率: 未知, 视频编解码器: 未知, 音频编解码器: 未知
分类: 📺央视/卫视频道, 名称: CCTV-16, 有效: 6, IPv4: 7, IPv6: 0, 最小延迟: 28 ms, 最高速率: 17.14 M/s, 平均速率: 7.57 M/s, 最高分辨率: 1920x1080, 平均帧率: 未知, 视频编解码器: 未知, 音频编解码器: 未知
分类: 📺央视/卫视频道, 名称: 香港卫视, 有效: 0, IPv4: 9, IPv6: 0, 最小延迟: -1 ms, 最高速率: 0.00 M/s, 平均速率: 0.00 M/s, 最高分辨率: None, 平均帧率: 未知, 视频编解码器: 未知, 音频编解码器: 未知
分类: 📺央视/卫视频道, 名称: 湖南卫视, 有效: 5, IPv4: 5, IPv6: 0, 最小延迟: 12 ms, 最高速率: 42.69 M/s, 平均速率: 25.07 M/s, 最高分辨率: 3840x2160, 平均帧率: 未知, 视频编解码器: 未知, 音频编解码器: 未知
分类: 📺央视/卫视频道, 名称: 北京卫视, 有效: 5, IPv4: 5, IPv6: 0, 最小延迟: 18 ms, 最高速率: 23.98 M/s, 平均速率: 13.04 M/s, 最高分辨率: 1920x1080, 平均帧率: 未知, 视频编解码器: 未知, 音频编解码器: 未知
分类: 📺央视/卫视频道, 名称: 浙江卫视, 有效: 4, IPv4: 8, IPv6: 0, 最小延迟: 14 ms, 最高速率: 35.89 M/s, 平均速率: 20.68 M/s, 最高分辨率: 1920x1080, 平均帧率: 未知, 视频编解码器: 未知, 音频编解码器: 未知
分类: 📺央视/卫视频道, 名称: 黑龙江卫视, 有效: 5, IPv4: 6, IPv6: 0, 最小延迟: 45 ms, 最高速率: 18.90 M/s, 平均速率: 11.64 M/s, 最高分辨率: 1920x1080, 平均帧率: 50.00, 视频编解码器: h264, 音频编解码器: ac3
分类: 📺央视/卫视频道, 名称: 广东卫视, 有效: 4, IPv4: 14, IPv6: 0, 最小延迟: 54 ms, 最高速率: 91.45 M/s, 平均速率: 35.89 M/s, 最高分辨率: 1920x1080, 平均帧率: 25.00, 视频编解码器: h264, 音频编解码器: mp2
分类: 📺央视/卫视频道, 名称: 安徽卫视, 有效: 5, IPv4: 5, IPv6: 0, 最小延迟: 14 ms, 最高速率: 42.94 M/s, 平均速率: 21.37 M/s, 最高分辨率: 1920x1080, 平均帧率: 未知, 视频编解码器: 未知, 音频编解码器: 未知
分类: 📺央视/卫视频道, 名称: 湖北卫视, 有效: 5, IPv4: 5, IPv6: 0, 最小延迟: 23 ms, 最高速率: 11.17 M/s, 平均速率: 6.16 M/s, 最高分辨率: 1920x1080, 平均帧率: 50.00, 视频编解码器: h264, 音频编解码器: ac3
分类: 📺央视/卫视频道, 名称: 东方卫视, 有效: 5, IPv4: 5, IPv6: 0, 最小延迟: 31 ms, 最高速率: 42.81 M/s, 平均速率: 21.35 M/s, 最高分辨率: 1920x1080, 平均帧率: 未知, 视频编解码器: 未知, 音频编解码器: 未知
分类: 📺央视/卫视频道, 名称: 湖北卫视, 有效: 5, IPv4: 6, IPv6: 0, 最小延迟: 23 ms, 最高速率: 11.17 M/s, 平均速率: 6.16 M/s, 最高分辨率: 1920x1080, 平均帧率: 50.00, 视频编解码器: h264, 音频编解码器: ac3
分类: 📺央视/卫视频道, 名称: 黑龙江卫视, 有效: 5, IPv4: 8, IPv6: 0, 最小延迟: 45 ms, 最高速率: 18.90 M/s, 平均速率: 11.64 M/s, 最高分辨率: 1920x1080, 平均帧率: 50.00, 视频编解码器: h264, 音频编解码器: ac3
分类: 📺央视/卫视频道, 名称: 东南卫视, 有效: 5, IPv4: 5, IPv6: 0, 最小延迟: 23 ms, 最高速率: 34.23 M/s, 平均速率: 10.98 M/s, 最高分辨率: 1920x1080, 平均帧率: 50.00, 视频编解码器: h264, 音频编解码器: ac3
分类: 📺央视/卫视频道, 名称: 贵州卫视, 有效: 5, IPv4: 5, IPv6: 0, 最小延迟: 15 ms, 最高速率: 40.88 M/s, 平均速率: 24.36 M/s, 最高分辨率: 1920x1080, 平均帧率: 未知, 视频编解码器: 未知, 音频编解码器: 未知
分类: 📺央视/卫视频道, 名称: 甘肃卫视, 有效: 2, IPv4: 4, IPv6: 0, 最小延迟: 21 ms, 最高速率: 19.69 M/s, 平均速率: 19.57 M/s, 最高分辨率: 1920x1080, 平均帧率: 未知, 视频编解码器: 未知, 音频编解码器: 未知
分类: 📺央视/卫视频道, 名称: 重庆卫视, 有效: 3, IPv4: 6, IPv6: 0, 最小延迟: 54 ms, 最高速率: 18.56 M/s, 平均速率: 8.74 M/s, 最高分辨率: 1920x1080, 平均帧率: 未知, 视频编解码器: 未知, 音频编解码器: 未知
分类: 📺央视/卫视频道, 名称: 河北卫视, 有效: 5, IPv4: 5, IPv6: 0, 最小延迟: 83 ms, 最高速率: 14.58 M/s, 平均速率: 10.41 M/s, 最高分辨率: 1920x1080, 平均帧率: 未知, 视频编解码器: 未知, 音频编解码器: 未知
分类: 📺央视/卫视频道, 名称: 河南卫视, 有效: 5, IPv4: 6, IPv6: 0, 最小延迟: 60 ms, 最高速率: 38.93 M/s, 平均速率: 19.05 M/s, 最高分辨率: 1920x1080, 平均帧率: 未知, 视频编解码器: 未知, 音频编解码器: 未知
分类: 📺央视/卫视频道, 名称: 东南卫视, 有效: 5, IPv4: 6, IPv6: 0, 最小延迟: 23 ms, 最高速率: 34.23 M/s, 平均速率: 10.98 M/s, 最高分辨率: 1920x1080, 平均帧率: 50.00, 视频编解码器: h264, 音频编解码器: ac3
分类: 📺央视/卫视频道, 名称: 海南卫视, 有效: 1, IPv4: 3, IPv6: 0, 最小延迟: 25 ms, 最高速率: 0.72 M/s, 平均速率: 0.72 M/s, 最高分辨率: 1920x1080, 平均帧率: 未知, 视频编解码器: 未知, 音频编解码器: 未知
分类: 📺央视/卫视频道, 名称: 江苏卫视, 有效: 5, IPv4: 5, IPv6: 0, 最小延迟: 45 ms, 最高速率: 39.74 M/s, 平均速率: 17.77 M/s, 最高分辨率: 1920x1080, 平均帧率: 未知, 视频编解码器: 未知, 音频编解码器: 未知
分类: 📺央视/卫视频道, 名称: 广西卫视, 有效: 3, IPv4: 6, IPv6: 0, 最小延迟: 15 ms, 最高速率: 42.73 M/s, 平均速率: 26.89 M/s, 最高分辨率: 1920x1080, 平均帧率: 未知, 视频编解码器: 未知, 音频编解码器: 未知
分类: 📺央视/卫视频道, 名称: 江西卫视, 有效: 5, IPv4: 5, IPv6: 0, 最小延迟: 40 ms, 最高速率: 37.93 M/s, 平均速率: 26.95 M/s, 最高分辨率: 1920x1080, 平均帧率: 未知, 视频编解码器: 未知, 音频编解码器: 未知
分类: 📺央视/卫视频道, 名称: 辽宁卫视, 有效: 5, IPv4: 5, IPv6: 0, 最小延迟: 49 ms, 最高速率: 13.11 M/s, 平均速率: 9.46 M/s, 最高分辨率: 1920x1080, 平均帧率: 未知, 视频编解码器: 未知, 音频编解码器: 未知
分类: 📺央视/卫视频道, 名称: 内蒙古卫视, 有效: 5, IPv4: 5, IPv6: 0, 最小延迟: 105 ms, 最高速率: 34.82 M/s, 平均速率: 16.83 M/s, 最高分辨率: 1920x1080, 平均帧率: 未知, 视频编解码器: 未知, 音频编解码器: 未知
分类: 📺央视/卫视频道, 名称: 吉林卫视, 有效: 4, IPv4: 8, IPv6: 0, 最小延迟: 15 ms, 最高速率: 36.12 M/s, 平均速率: 16.01 M/s, 最高分辨率: 1920x1080, 平均帧率: 未知, 视频编解码器: 未知, 音频编解码器: 未知
分类: 📺央视/卫视频道, 名称: 宁夏卫视, 有效: 4, IPv4: 5, IPv6: 0, 最小延迟: 70 ms, 最高速率: 71.08 M/s, 平均速率: 46.11 M/s, 最高分辨率: 1920x1080, 平均帧率: 未知, 视频编解码器: 未知, 音频编解码器: 未知
分类: 📺央视/卫视频道, 名称: 山东卫视, 有效: 5, IPv4: 5, IPv6: 0, 最小延迟: 55 ms, 最高速率: 14.73 M/s, 平均速率: 10.93 M/s, 最高分辨率: 1920x1080, 平均帧率: 未知, 视频编解码器: 未知, 音频编解码器: 未知
分类: 📺央视/卫视频道, 名称: 内蒙古卫视, 有效: 5, IPv4: 6, IPv6: 0, 最小延迟: 105 ms, 最高速率: 34.82 M/s, 平均速率: 16.83 M/s, 最高分辨率: 1920x1080, 平均帧率: 未知, 视频编解码器: 未知, 音频编解码器: 未知
分类: 📺央视/卫视频道, 名称: 江西卫视, 有效: 5, IPv4: 8, IPv6: 0, 最小延迟: 40 ms, 最高速率: 37.93 M/s, 平均速率: 26.95 M/s, 最高分辨率: 1920x1080, 平均帧率: 未知, 视频编解码器: 未知, 音频编解码器: 未知
分类: 📺央视/卫视频道, 名称: 山西卫视, 有效: 5, IPv4: 5, IPv6: 0, 最小延迟: 15 ms, 最高速率: 61.74 M/s, 平均速率: 32.31 M/s, 最高分辨率: 1920x1080, 平均帧率: 未知, 视频编解码器: 未知, 音频编解码器: 未知
分类: 📺央视/卫视频道, 名称: 陕西卫视, 有效: 4, IPv4: 4, IPv6: 0, 最小延迟: 16 ms, 最高速率: 34.77 M/s, 平均速率: 23.96 M/s, 最高分辨率: 1920x1080, 平均帧率: 未知, 视频编解码器: 未知, 音频编解码器: 未知
分类: 📺央视/卫视频道, 名称: 青海卫视, 有效: 3, IPv4: 3, IPv6: 0, 最小延迟: 68 ms, 最高速率: 15.77 M/s, 平均速率: 9.81 M/s, 最高分辨率: 1920x1080, 平均帧率: 50.00, 视频编解码器: h264, 音频编解码器: ac3
分类: 📺央视/卫视频道, 名称: 辽宁卫视, 有效: 5, IPv4: 7, IPv6: 0, 最小延迟: 49 ms, 最高速率: 13.11 M/s, 平均速率: 9.46 M/s, 最高分辨率: 1920x1080, 平均帧率: 未知, 视频编解码器: 未知, 音频编解码器: 未知
分类: 📺央视/卫视频道, 名称: 四川卫视, 有效: 5, IPv4: 5, IPv6: 0, 最小延迟: 36 ms, 最高速率: 36.86 M/s, 平均速率: 21.97 M/s, 最高分辨率: 1920x1080, 平均帧率: 未知, 视频编解码器: 未知, 音频编解码器: 未知
分类: 📺央视/卫视频道, 名称: 深圳卫视, 有效: 5, IPv4: 5, IPv6: 0, 最小延迟: 22 ms, 最高速率: 19.79 M/s, 平均速率: 15.23 M/s, 最高分辨率: 1920x1080, 平均帧率: 未知, 视频编解码器: 未知, 音频编解码器: 未知
分类: 📺央视/卫视频道, 名称: 三沙卫视, 有效: 4, IPv4: 4, IPv6: 0, 最小延迟: 23 ms, 最高速率: 14.75 M/s, 平均速率: 6.97 M/s, 最高分辨率: 1920x1080, 平均帧率: 未知, 视频编解码器: 未知, 音频编解码器: 未知
分类: 📺央视/卫视频道, 名称: 新疆卫视, 有效: 5, IPv4: 5, IPv6: 0, 最小延迟: 32 ms, 最高速率: 59.49 M/s, 平均速率: 25.72 M/s, 最高分辨率: 1920x1080, 平均帧率: 未知, 视频编解码器: 未知, 音频编解码器: 未知
分类: 📺央视/卫视频道, 名称: 西藏卫视, 有效: 5, IPv4: 6, IPv6: 0, 最小延迟: 118 ms, 最高速率: 15.18 M/s, 平均速率: 8.61 M/s, 最高分辨率: 1920x1080, 平均帧率: 37.50, 视频编解码器: mpeg2video, 音频编解码器: mp2
分类: 📺央视/卫视频道, 名称: 天津卫视, 有效: 3, IPv4: 13, IPv6: 0, 最小延迟: 16 ms, 最高速率: 33.80 M/s, 平均速率: 27.22 M/s, 最高分辨率: 1920x1080, 平均帧率: 未知, 视频编解码器: 未知, 音频编解码器: 未知
分类: 📺央视/卫视频道, 名称: 汕头经济, 有效: 0, IPv4: 1, IPv6: 0, 最小延迟: -1 ms, 最高速率: 0.00 M/s, 平均速率: 0.00 M/s, 最高分辨率: None, 平均帧率: 未知, 视频编解码器: 未知, 音频编解码器: 未知
分类: 📺央视/卫视频道, 名称: 云南卫视, 有效: 3, IPv4: 7, IPv6: 0, 最小延迟: 66 ms, 最高速率: 32.36 M/s, 平均速率: 17.79 M/s, 最高分辨率: 1920x1080, 平均帧率: 未知, 视频编解码器: 未知, 音频编解码器: 未知
